// Jest Snapshot v1, https://goo.gl/fbAQLP

exports[`renders correctly 1`] = `
<div
  className="-card--container"
>
  <div
    className="-card--content"
  >
    <div
      className="-card--header"
    >
      <h3
        className="-card--title"
      >
        Card
      </h3>
    </div>
    <span
      className="-card--body"
    >
      Card content
    </span>
  </div>
</div>
`;
